<hr> <h1>Testing Testing</h1> <h2>Replace &amp; Replace Raw</h2> <p>Woei &lt;strong style=&quot;color: #336699&quot;&gt;Woei&lt;/strong&gt; Woei.</p> <p>Woei <strong style="color: #336699">Woei</strong> Woei.</p> <h1>Condition Sets</h1>  <p>In 1, 2 or 3!</p>  <p>Either foo or bar: <strong>foo</strong></p>  <h1>Recursive Repeater</h1>  <ol>  <li> Level 1-1, value: correct woei! <ol>  <li> Level 2-1, value: correct woei! <ol>  <li> Level 3-1, value: correct woei! <ol>  <li> Level 4-1, value: correct woei! <ol>  <li> Level 5-1, value: correct woei! <ol>  </ol> </li>  <li> Level 5-2, value: correct woei! <ol>  </ol> </li>  </ol> </li>  <li> Level 4-2, value: correct woei! <ol>  <li> Level 5-1, value: correct woei! <ol>  </ol> </li>  <li> Level 5-2, value: correct woei! <ol>  </ol> </li>  </ol> </li>  </ol> </li>  <li> Level 3-2, value: correct woei! <ol>  <li> Level 4-1, value: correct woei! <ol>  <li> Level 5-1, value: correct woei! <ol>  </ol> </li>  <li> Level 5-2, value: correct woei! <ol>  </ol> </li>  </ol> </li>  <li> Level 4-2, value: correct woei! <ol>  <li> Level 5-1, value: correct woei! <ol>  </ol> </li>  <li> Level 5-2, value: correct woei! <ol>  </ol> </li>  </ol> </li>  </ol> </li>  </ol> </li>  <li> Level 2-2, value: correct woei! <ol>  <li> Level 3-1, value: correct woei! <ol>  <li> Level 4-1, value: correct woei! <ol>  <li> Level 5-1, value: correct woei! <ol>  </ol> </li>  <li> Level 5-2, value: correct woei! <ol>  </ol> </li>  </ol> </li>  <li> Level 4-2, value: correct woei! <ol>  <li> Level 5-1, value: correct woei! <ol>  </ol> </li>  <li> Level 5-2, value: correct woei! <ol>  </ol> </li>  </ol> </li>  </ol> </li>  <li> Level 3-2, value: correct woei! <ol>  <li> Level 4-1, value: correct woei! <ol>  <li> Level 5-1, value: correct woei! <ol>  </ol> </li>  <li> Level 5-2, value: correct woei! <ol>  </ol> </li>  </ol> </li>  <li> Level 4-2, value: correct woei! <ol>  <li> Level 5-1, value: correct woei! <ol>  </ol> </li>  <li> Level 5-2, value: correct woei! <ol>  </ol> </li>  </ol> </li>  </ol> </li>  </ol> </li>  </ol> </li>  <li> Level 1-2, value: correct woei! <ol>  <li> Level 2-1, value: correct woei! <ol>  <li> Level 3-1, value: correct woei! <ol>  <li> Level 4-1, value: correct woei! <ol>  <li> Level 5-1, value: correct woei! <ol>  </ol> </li>  <li> Level 5-2, value: correct woei! <ol>  </ol> </li>  </ol> </li>  <li> Level 4-2, value: correct woei! <ol>  <li> Level 5-1, value: correct woei! <ol>  </ol> </li>  <li> Level 5-2, value: correct woei! <ol>  </ol> </li>  </ol> </li>  </ol> </li>  <li> Level 3-2, value: correct woei! <ol>  <li> Level 4-1, value: correct woei! <ol>  <li> Level 5-1, value: correct woei! <ol>  </ol> </li>  <li> Level 5-2, value: correct woei! <ol>  </ol> </li>  </ol> </li>  <li> Level 4-2, value: correct woei! <ol>  <li> Level 5-1, value: correct woei! <ol>  </ol> </li>  <li> Level 5-2, value: correct woei! <ol>  </ol> </li>  </ol> </li>  </ol> </li>  </ol> </li>  <li> Level 2-2, value: correct woei! <ol>  <li> Level 3-1, value: correct woei! <ol>  <li> Level 4-1, value: correct woei! <ol>  <li> Level 5-1, value: correct woei! <ol>  </ol> </li>  <li> Level 5-2, value: correct woei! <ol>  </ol> </li>  </ol> </li>  <li> Level 4-2, value: correct woei! <ol>  <li> Level 5-1, value: correct woei! <ol>  </ol> </li>  <li> Level 5-2, value: correct woei! <ol>  </ol> </li>  </ol> </li>  </ol> </li>  <li> Level 3-2, value: correct woei! <ol>  <li> Level 4-1, value: correct woei! <ol>  <li> Level 5-1, value: correct woei! <ol>  </ol> </li>  <li> Level 5-2, value: correct woei! <ol>  </ol> </li>  </ol> </li>  <li> Level 4-2, value: correct woei! <ol>  <li> Level 5-1, value: correct woei! <ol>  </ol> </li>  <li> Level 5-2, value: correct woei! <ol>  </ol> </li>  </ol> </li>  </ol> </li>  </ol> </li>  </ol> </li>  </ol>  <h1>Nested Sections &amp; Includes</h1> <p>Below, both "Static Include" and "Include Template" should be present.</p> <h2>Static Include</h2>

<p>
	Curabitur mi. Etiam auctor arcu. Etiam augue tortor, iaculis quis, convallis vel, sollicitudin at, lacus.
	Quisque pharetra enim ut nibh. Aenean augue. Sed quam neque, sodales ac, suscipit at, ornare quis, eros.
	Fusce leo eros, vulputate vel, condimentum quis, ornare in, risus. Nullam lorem leo, accumsan ut, eleifend quis,
	eleifend commodo, eros. Aenean tempor mollis turpis. Praesent tellus urna, cursus in, ornare in, ultrices
	ut, lacus. In ullamcorper orci et libero. Etiam adipiscing lacus id nisl. Curabitur ultrices nunc gravida libero.
	Mauris placerat, quam et sagittis rutrum, sapien neque consequat metus, vel commodo lacus enim in turpis.
	Phasellus orci odio, facilisis vitae, gravida ac, malesuada vitae, eros. 
</p><h2>Include Template</h2> <p> Cum sociis natoque 123 penatibus et magnis dis parturient montes, nascetur ridiculus mus. Proin ullamcorper tincidunt nisl. Mauris porta, 1 elit eget condimentum consectetur, diam ligula facilisis magna, a consectetur est nulla at leo. Nulla cursus lacus vitae elit. 12345 Suspendisse augue. Suspendisse potenti. Nam in sem. 12 Vivamus dui libero, semper non, aliquet nec, ultricies sit amet, 1234 nisl. </p> <p style=""> Lorem ipsum inside a section... </p>  <p style="font-weight:bold;"> Lorem ipsum in global scope (should be bold)... </p> <h1>Repeater &amp; Scope</h1> <ul>  <li>2ef7bde608ce5404e97d5f042f95f89f1c232871 - One</li>  <li>2ef7bde608ce5404e97d5f042f95f89f1c232871 - Two</li>  <li>2ef7bde608ce5404e97d5f042f95f89f1c232871 - <strong>Global</strong></li>  <li>2ef7bde608ce5404e97d5f042f95f89f1c232871 - Three</li>  <li>2ef7bde608ce5404e97d5f042f95f89f1c232871 - <strong>Global</strong></li>  <li>2ef7bde608ce5404e97d5f042f95f89f1c232871 - <strong>Global</strong></li>  </ul> <hr> 